// Jest Snapshot v1, https://goo.gl/fbAQLP

exports[`01.space_mission 1`] = `
Array [
  Object {
    "command": "start-judgement",
  },
  Object {
    "command": "start-tab",
    "title": "Testen uit het testplan",
  },
  Object {
    "command": "start-context",
    "description": "Controle op vakjes",
  },
  Object {
    "command": "start-testcase",
    "description": "Vakje0 is niet veranderd",
  },
  Object {
    "command": "start-test",
    "expected": "false",
  },
  Object {
    "command": "close-test",
    "generated": "false",
    "status": Object {
      "enum": "correct",
      "human": "Correct",
    },
  },
  Object {
    "command": "close-testcase",
  },
  Object {
    "command": "start-testcase",
    "description": "Vakje1 is niet veranderd",
  },
  Object {
    "command": "start-test",
    "expected": "false",
  },
  Object {
    "command": "close-test",
    "generated": "false",
    "status": Object {
      "enum": "correct",
      "human": "Correct",
    },
  },
  Object {
    "command": "close-testcase",
  },
  Object {
    "command": "start-testcase",
    "description": "Vakje2 is niet veranderd",
  },
  Object {
    "command": "start-test",
    "expected": "false",
  },
  Object {
    "command": "close-test",
    "generated": "false",
    "status": Object {
      "enum": "correct",
      "human": "Correct",
    },
  },
  Object {
    "command": "close-testcase",
  },
  Object {
    "command": "start-testcase",
    "description": "Vakje3 is niet veranderd",
  },
  Object {
    "command": "start-test",
    "expected": "false",
  },
  Object {
    "command": "close-test",
    "generated": "false",
    "status": Object {
      "enum": "correct",
      "human": "Correct",
    },
  },
  Object {
    "command": "close-testcase",
  },
  Object {
    "command": "start-testcase",
    "description": "Vakje4 is niet veranderd",
  },
  Object {
    "command": "start-test",
    "expected": "false",
  },
  Object {
    "command": "close-test",
    "generated": "false",
    "status": Object {
      "enum": "correct",
      "human": "Correct",
    },
  },
  Object {
    "command": "close-testcase",
  },
  Object {
    "command": "start-testcase",
    "description": "Vakje5 is niet veranderd",
  },
  Object {
    "command": "start-test",
    "expected": "false",
  },
  Object {
    "command": "close-test",
    "generated": "false",
    "status": Object {
      "enum": "correct",
      "human": "Correct",
    },
  },
  Object {
    "command": "close-testcase",
  },
  Object {
    "command": "start-testcase",
    "description": "Vakje6 is niet veranderd",
  },
  Object {
    "command": "start-test",
    "expected": "false",
  },
  Object {
    "command": "close-test",
    "generated": "false",
    "status": Object {
      "enum": "correct",
      "human": "Correct",
    },
  },
  Object {
    "command": "close-testcase",
  },
  Object {
    "command": "start-testcase",
    "description": "Vakje7 is niet veranderd",
  },
  Object {
    "command": "start-test",
    "expected": "false",
  },
  Object {
    "command": "close-test",
    "generated": "false",
    "status": Object {
      "enum": "correct",
      "human": "Correct",
    },
  },
  Object {
    "command": "close-testcase",
  },
  Object {
    "command": "start-testcase",
    "description": "Vakje8 is niet veranderd",
  },
  Object {
    "command": "start-test",
    "expected": "false",
  },
  Object {
    "command": "close-test",
    "generated": "false",
    "status": Object {
      "enum": "correct",
      "human": "Correct",
    },
  },
  Object {
    "command": "close-testcase",
  },
  Object {
    "command": "start-testcase",
    "description": "Vakje9 is niet veranderd",
  },
  Object {
    "command": "start-test",
    "expected": "false",
  },
  Object {
    "command": "close-test",
    "generated": "false",
    "status": Object {
      "enum": "correct",
      "human": "Correct",
    },
  },
  Object {
    "command": "close-testcase",
  },
  Object {
    "command": "start-testcase",
    "description": "Vakje10 is niet veranderd",
  },
  Object {
    "command": "start-test",
    "expected": "false",
  },
  Object {
    "command": "close-test",
    "generated": "false",
    "status": Object {
      "enum": "correct",
      "human": "Correct",
    },
  },
  Object {
    "command": "close-testcase",
  },
  Object {
    "command": "start-testcase",
    "description": "Vakje11 is niet veranderd",
  },
  Object {
    "command": "start-test",
    "expected": "false",
  },
  Object {
    "command": "close-test",
    "generated": "false",
    "status": Object {
      "enum": "correct",
      "human": "Correct",
    },
  },
  Object {
    "command": "close-testcase",
  },
  Object {
    "command": "start-testcase",
    "description": "Vakje12 is niet veranderd",
  },
  Object {
    "command": "start-test",
    "expected": "false",
  },
  Object {
    "command": "close-test",
    "generated": "false",
    "status": Object {
      "enum": "correct",
      "human": "Correct",
    },
  },
  Object {
    "command": "close-testcase",
  },
  Object {
    "command": "start-testcase",
    "description": "Vakje13 is niet veranderd",
  },
  Object {
    "command": "start-test",
    "expected": "false",
  },
  Object {
    "command": "close-test",
    "generated": "false",
    "status": Object {
      "enum": "correct",
      "human": "Correct",
    },
  },
  Object {
    "command": "close-testcase",
  },
  Object {
    "command": "start-testcase",
    "description": "Vakje14 is niet veranderd",
  },
  Object {
    "command": "start-test",
    "expected": "false",
  },
  Object {
    "command": "close-test",
    "generated": "false",
    "status": Object {
      "enum": "correct",
      "human": "Correct",
    },
  },
  Object {
    "command": "close-testcase",
  },
  Object {
    "command": "start-testcase",
    "description": "Vakje15 is niet veranderd",
  },
  Object {
    "command": "start-test",
    "expected": "false",
  },
  Object {
    "command": "close-test",
    "generated": "false",
    "status": Object {
      "enum": "correct",
      "human": "Correct",
    },
  },
  Object {
    "command": "close-testcase",
  },
  Object {
    "command": "start-testcase",
    "description": "Vakje16 is niet veranderd",
  },
  Object {
    "command": "start-test",
    "expected": "false",
  },
  Object {
    "command": "close-test",
    "generated": "false",
    "status": Object {
      "enum": "correct",
      "human": "Correct",
    },
  },
  Object {
    "command": "close-testcase",
  },
  Object {
    "command": "start-testcase",
    "description": "Vakje17 is niet veranderd",
  },
  Object {
    "command": "start-test",
    "expected": "false",
  },
  Object {
    "command": "close-test",
    "generated": "false",
    "status": Object {
      "enum": "correct",
      "human": "Correct",
    },
  },
  Object {
    "command": "close-testcase",
  },
  Object {
    "command": "start-testcase",
    "description": "Vakje18 is niet veranderd",
  },
  Object {
    "command": "start-test",
    "expected": "false",
  },
  Object {
    "command": "close-test",
    "generated": "false",
    "status": Object {
      "enum": "correct",
      "human": "Correct",
    },
  },
  Object {
    "command": "close-testcase",
  },
  Object {
    "command": "start-testcase",
    "description": "Vakje19 is niet veranderd",
  },
  Object {
    "command": "start-test",
    "expected": "false",
  },
  Object {
    "command": "close-test",
    "generated": "false",
    "status": Object {
      "enum": "correct",
      "human": "Correct",
    },
  },
  Object {
    "command": "close-testcase",
  },
  Object {
    "command": "start-testcase",
    "description": "Vakje20 is niet veranderd",
  },
  Object {
    "command": "start-test",
    "expected": "false",
  },
  Object {
    "command": "close-test",
    "generated": "false",
    "status": Object {
      "enum": "correct",
      "human": "Correct",
    },
  },
  Object {
    "command": "close-testcase",
  },
  Object {
    "command": "start-testcase",
    "description": "Vakje21 is niet veranderd",
  },
  Object {
    "command": "start-test",
    "expected": "false",
  },
  Object {
    "command": "close-test",
    "generated": "false",
    "status": Object {
      "enum": "correct",
      "human": "Correct",
    },
  },
  Object {
    "command": "close-testcase",
  },
  Object {
    "command": "start-testcase",
    "description": "Vakje22 is niet veranderd",
  },
  Object {
    "command": "start-test",
    "expected": "false",
  },
  Object {
    "command": "close-test",
    "generated": "false",
    "status": Object {
      "enum": "correct",
      "human": "Correct",
    },
  },
  Object {
    "command": "close-testcase",
  },
  Object {
    "command": "start-testcase",
    "description": "Vakje23 is niet veranderd",
  },
  Object {
    "command": "start-test",
    "expected": "false",
  },
  Object {
    "command": "close-test",
    "generated": "false",
    "status": Object {
      "enum": "correct",
      "human": "Correct",
    },
  },
  Object {
    "command": "close-testcase",
  },
  Object {
    "command": "start-testcase",
    "description": "Vakje24 is niet veranderd",
  },
  Object {
    "command": "start-test",
    "expected": "false",
  },
  Object {
    "command": "close-test",
    "generated": "false",
    "status": Object {
      "enum": "correct",
      "human": "Correct",
    },
  },
  Object {
    "command": "close-testcase",
  },
  Object {
    "command": "start-testcase",
    "description": "Vakje25 is niet veranderd",
  },
  Object {
    "command": "start-test",
    "expected": "false",
  },
  Object {
    "command": "close-test",
    "generated": "false",
    "status": Object {
      "enum": "correct",
      "human": "Correct",
    },
  },
  Object {
    "command": "close-testcase",
  },
  Object {
    "command": "start-testcase",
    "description": "Vakje26 is niet veranderd",
  },
  Object {
    "command": "start-test",
    "expected": "false",
  },
  Object {
    "command": "close-test",
    "generated": "false",
    "status": Object {
      "enum": "correct",
      "human": "Correct",
    },
  },
  Object {
    "command": "close-testcase",
  },
  Object {
    "command": "start-testcase",
    "description": "Vakje27 is niet veranderd",
  },
  Object {
    "command": "start-test",
    "expected": "false",
  },
  Object {
    "command": "close-test",
    "generated": "false",
    "status": Object {
      "enum": "correct",
      "human": "Correct",
    },
  },
  Object {
    "command": "close-testcase",
  },
  Object {
    "command": "start-testcase",
    "description": "Vakje28 is niet veranderd",
  },
  Object {
    "command": "start-test",
    "expected": "false",
  },
  Object {
    "command": "close-test",
    "generated": "false",
    "status": Object {
      "enum": "correct",
      "human": "Correct",
    },
  },
  Object {
    "command": "close-testcase",
  },
  Object {
    "command": "start-testcase",
    "description": "Vakje29 is niet veranderd",
  },
  Object {
    "command": "start-test",
    "expected": "false",
  },
  Object {
    "command": "close-test",
    "generated": "false",
    "status": Object {
      "enum": "correct",
      "human": "Correct",
    },
  },
  Object {
    "command": "close-testcase",
  },
  Object {
    "command": "start-testcase",
    "description": "Vakje30 is niet veranderd",
  },
  Object {
    "command": "start-test",
    "expected": "false",
  },
  Object {
    "command": "close-test",
    "generated": "false",
    "status": Object {
      "enum": "correct",
      "human": "Correct",
    },
  },
  Object {
    "command": "close-testcase",
  },
  Object {
    "command": "start-testcase",
    "description": "Vakje31 is niet veranderd",
  },
  Object {
    "command": "start-test",
    "expected": "false",
  },
  Object {
    "command": "close-test",
    "generated": "false",
    "status": Object {
      "enum": "correct",
      "human": "Correct",
    },
  },
  Object {
    "command": "close-testcase",
  },
  Object {
    "command": "start-testcase",
    "description": "Vakje32 is niet veranderd",
  },
  Object {
    "command": "start-test",
    "expected": "false",
  },
  Object {
    "command": "close-test",
    "generated": "false",
    "status": Object {
      "enum": "correct",
      "human": "Correct",
    },
  },
  Object {
    "command": "close-testcase",
  },
  Object {
    "command": "start-testcase",
    "description": "Vakje33 is niet veranderd",
  },
  Object {
    "command": "start-test",
    "expected": "false",
  },
  Object {
    "command": "close-test",
    "generated": "false",
    "status": Object {
      "enum": "correct",
      "human": "Correct",
    },
  },
  Object {
    "command": "close-testcase",
  },
  Object {
    "command": "start-testcase",
    "description": "Vakje34 is niet veranderd",
  },
  Object {
    "command": "start-test",
    "expected": "false",
  },
  Object {
    "command": "close-test",
    "generated": "false",
    "status": Object {
      "enum": "correct",
      "human": "Correct",
    },
  },
  Object {
    "command": "close-testcase",
  },
  Object {
    "command": "start-testcase",
    "description": "Vakje35 is niet veranderd",
  },
  Object {
    "command": "start-test",
    "expected": "false",
  },
  Object {
    "command": "close-test",
    "generated": "false",
    "status": Object {
      "enum": "correct",
      "human": "Correct",
    },
  },
  Object {
    "command": "close-testcase",
  },
  Object {
    "command": "close-context",
  },
  Object {
    "command": "start-context",
    "description": "Andere vakjes",
  },
  Object {
    "command": "start-testcase",
    "description": "Niet geprutst met andere sprites",
  },
  Object {
    "command": "start-test",
    "expected": "false",
  },
  Object {
    "command": "close-test",
    "generated": "false",
    "status": Object {
      "enum": "correct",
      "human": "Correct",
    },
  },
  Object {
    "command": "close-testcase",
  },
  Object {
    "command": "close-context",
  },
  Object {
    "command": "start-context",
    "description": "Startpositie ruimteschip",
  },
  Object {
    "command": "start-testcase",
    "description": "Het ruimteschip staat klaar",
  },
  Object {
    "command": "start-test",
    "expected": "false",
  },
  Object {
    "command": "close-test",
    "generated": "false",
    "status": Object {
      "enum": "correct",
      "human": "Correct",
    },
  },
  Object {
    "command": "close-testcase",
  },
  Object {
    "command": "start-testcase",
    "description": "Ruimteschip bewoog",
  },
  Object {
    "command": "start-test",
    "expected": "true",
  },
  Object {
    "command": "close-test",
    "generated": "true",
    "status": Object {
      "enum": "correct",
      "human": "Correct",
    },
  },
  Object {
    "command": "close-testcase",
  },
  Object {
    "command": "close-context",
  },
  Object {
    "command": "start-context",
    "description": "Controle op kogels",
  },
  Object {
    "command": "start-testcase",
    "description": "Vakje8 bevat kogels",
  },
  Object {
    "command": "start-test",
    "expected": "kogels",
  },
  Object {
    "command": "close-test",
    "generated": "kogels",
    "status": Object {
      "enum": "correct",
      "human": "Correct",
    },
  },
  Object {
    "command": "close-testcase",
  },
  Object {
    "command": "start-testcase",
    "description": "Vakje9 bevat kogels",
  },
  Object {
    "command": "start-test",
    "expected": "kogels",
  },
  Object {
    "command": "close-test",
    "generated": "kogels",
    "status": Object {
      "enum": "correct",
      "human": "Correct",
    },
  },
  Object {
    "command": "close-testcase",
  },
  Object {
    "command": "start-testcase",
    "description": "Vakje10 bevat kogels",
  },
  Object {
    "command": "start-test",
    "expected": "kogels",
  },
  Object {
    "command": "close-test",
    "generated": "kogels",
    "status": Object {
      "enum": "correct",
      "human": "Correct",
    },
  },
  Object {
    "command": "close-testcase",
  },
  Object {
    "command": "start-testcase",
    "description": "Vakje11 bevat kogels",
  },
  Object {
    "command": "start-test",
    "expected": "kogels",
  },
  Object {
    "command": "close-test",
    "generated": "kogels",
    "status": Object {
      "enum": "correct",
      "human": "Correct",
    },
  },
  Object {
    "command": "close-testcase",
  },
  Object {
    "command": "close-context",
  },
  Object {
    "command": "start-context",
    "description": "Controle op brandstof",
  },
  Object {
    "command": "start-testcase",
    "description": "Vakje20 bevat brandstof",
  },
  Object {
    "command": "start-test",
    "expected": "brandstof",
  },
  Object {
    "command": "close-test",
    "generated": "brandstof",
    "status": Object {
      "enum": "correct",
      "human": "Correct",
    },
  },
  Object {
    "command": "close-testcase",
  },
  Object {
    "command": "start-testcase",
    "description": "Vakje21 bevat brandstof",
  },
  Object {
    "command": "start-test",
    "expected": "brandstof",
  },
  Object {
    "command": "close-test",
    "generated": "brandstof",
    "status": Object {
      "enum": "correct",
      "human": "Correct",
    },
  },
  Object {
    "command": "close-testcase",
  },
  Object {
    "command": "start-testcase",
    "description": "Vakje22 bevat brandstof",
  },
  Object {
    "command": "start-test",
    "expected": "brandstof",
  },
  Object {
    "command": "close-test",
    "generated": "brandstof",
    "status": Object {
      "enum": "correct",
      "human": "Correct",
    },
  },
  Object {
    "command": "close-testcase",
  },
  Object {
    "command": "start-testcase",
    "description": "Vakje23 bevat brandstof",
  },
  Object {
    "command": "start-test",
    "expected": "brandstof",
  },
  Object {
    "command": "close-test",
    "generated": "brandstof",
    "status": Object {
      "enum": "correct",
      "human": "Correct",
    },
  },
  Object {
    "command": "close-testcase",
  },
  Object {
    "command": "close-context",
  },
  Object {
    "command": "start-context",
    "description": "Kwaliteit van de code",
  },
  Object {
    "command": "start-testcase",
    "description": "Je gebruikt een lus",
  },
  Object {
    "command": "start-test",
    "expected": "true",
  },
  Object {
    "command": "close-test",
    "generated": "true",
    "status": Object {
      "enum": "correct",
      "human": "Correct",
    },
  },
  Object {
    "command": "close-testcase",
  },
  Object {
    "command": "close-context",
  },
  Object {
    "command": "close-tab",
  },
  Object {
    "command": "close-judgement",
  },
]
`;
